=== design as assigned ===
  outcome column: n_participants
  units 949 | framed 420, neutral 420, no-ad 109
  budget EUR 5,000 at EUR 0.39 per install -> 15.3 installs per ad unit
  median baseline post-window participants: 0.0 (mean 1.14)
  core subset (low grid contamination): 448 units

=== Type I error, conditional on the realised assignment ===
   this is the rate for THIS draw, not averaged over fresh randomisations
   H1 null: both ad arms get installs, framing advantage zero
   H2 null: NO arm gets installs -- delivering them and then testing ads
            against no-ad is H2's alternative, and returns 1.000

  sigma_c 0.3:  H1 0.024   H2 0.016
  sigma_c 0.4:  H1 0.039   H2 0.023
  sigma_c 0.6:  H1 0.028   H2 0.022

=== H1: framing effect, by delivery spread ===
   delta is the conversion advantage of the framed creative;
   'obs diff' is the resulting percentage difference in participants

   delta   obs diff      sigma_c        power
      0%         0%          0.3        0.033
      5%         5%          0.3        0.277
     10%         9%          0.3        0.801
     15%        14%          0.3        0.978
     20%        19%          0.3        1.000
     30%        28%          0.3        1.000

      0%         0%          0.4        0.034
      5%         5%          0.4        0.232
     10%         9%          0.4        0.665
     15%        14%          0.4        0.917
     20%        19%          0.4        0.992
     30%        28%          0.4        1.000

      0%         0%          0.6        0.046
      5%         5%          0.6        0.115
     10%         9%          0.6        0.375
     15%        14%          0.6        0.721
     20%        19%          0.6        0.933
     30%        28%          0.6        0.999

=== H2: advertising vs no advertising, as a percentage ===
   expressed against the no-ad arm level of 1.14 participants
   NOTE the denominators differ from H1: H1's percentage is measured
   against a municipality that already has ads. Do not compare directly.

  extra per muni       % over no-ad      power
             0.0                 0%      0.013
             0.5                44%      0.350
             1.0                87%      0.708
             1.5               131%      0.914
             2.0               175%      0.993
             3.0               262%      1.000
             4.0               350%      1.000
             5.0               437%      1.000
            15.3              1335%      1.000

  H2 minimum detectable effect at 80% power: 1.2 extra participants = +107% over the no-ad arm

=== sensitivity to leakage ===
   lambda = share of ad-induced participants recorded outside the
   municipality that was targeted, from mobility or grid blurring.
   Measured multi-municipality ratio since 2021 is about 1.20.

    lambda      H1 at 15%         Type I
     0.00          0.931          0.044
     0.15          0.886          0.025
     0.30          0.789          0.029

=== pre-specified core subset (least grid contamination) ===
   448 of 949 units, interior cell fraction >= 0.25

   delta    full sample    core subset
      0%          0.034          0.022
     15%          0.927          0.471
     20%          0.994          0.720

=== if only a fraction of installs ever emit a background track ===
    track rate      H1 at 15%             H2
          100%          0.933          1.000
           50%          0.759          1.000
           30%          0.595          1.000
           15%          0.296          1.000

Written to analysis/r/output/final_2026_power.csv 
